# read an event with 354 particles
#--------------------------------------------------------------------------
#                         FastJet release 3.2.0
#                 M. Cacciari, G.P. Salam and G. Soyez                  
#     A software package for jet finding and analysis at colliders      
#                           http://fastjet.fr                           
#	                                                                      
# Please cite EPJC72(2012)1896 [arXiv:1111.6097] if you use this package
# for scientific work and optionally PLB641(2006)57 [hep-ph/0512210].   
#                                                                       
# FastJet is provided without warranty under the terms of the GNU GPLv2.
# It uses T. Chan's closest pair algorithm, S. Fortune's Voronoi code
# and 3rd party plugin jet algorithms. See COPYING file for details.
#--------------------------------------------------------------------------
-------------------------------------------------------------------------------------
EnergyCorrelatorC1:  C_1^(beta) = ECF(2,beta)/ECF(1,beta)^2 
-------------------------------------------------------------------------------------
   beta         C1 obs 
  1.000       0.010342 
-------------------------------------------------------------------------------------
EnergyCorrelatorC2:  C_2^(beta) = ECF(3,beta)*ECF(1,beta)/ECF(2,beta)^2 
-------------------------------------------------------------------------------------
   beta         C2 obs 
  1.000       0.097588 
-------------------------------------------------------------------------------------
EnergyCorrelatorD2:  D_2^(beta) = ECF(3,beta)*ECF(1,beta)^3/ECF(2,beta)^3 
-------------------------------------------------------------------------------------
   beta         D2 obs 
  1.000       9.435950 
  2.000     120.129760 
-------------------------------------------------------------------------------------
EnergyCorrelatorGeneralizedD2:  D_2^(alpha, beta) = ECFN(3,alpha)/ECFN(2,beta)^(3*alpha/beta) 
-------------------------------------------------------------------------------------
   beta        alpha = 1.000
  2.000               0.2188 
-------------------------------------------------------------------------------------
EnergyCorrelatorN2:  N2(beta) = ECFN(3, beta, 2)/ECFN(2, beta, 1)^2 
-------------------------------------------------------------------------------------
   beta         N2 obs 
  1.000       0.430942 
  2.000       0.365859 
-------------------------------------------------------------------------------------
EnergyCorrelatorN3:  N3(beta) = ECFN(4, beta, 2)/ECFN(3, beta, 1)^2 
-------------------------------------------------------------------------------------
   beta         N3 obs 
  1.000       1.979487 
  2.000       6.700247 
-------------------------------------------------------------------------------------
EnergyCorrelatorM2:  M2(beta) = ECFN(3, beta, 1)/ECFN(3, beta, 1) 
-------------------------------------------------------------------------------------
   beta         M2 obs 
  1.000       0.071101 
  2.000       0.010448 
-------------------------------------------------------------------------------------
EnergyCorrelatorU1, EnergyCorrelatorU2, EnergyCorrelatorU3:  U_i(beta) = ECFN(i+1, beta, 1) 
-------------------------------------------------------------------------------------
   beta             U1             U2             U3 
  1.000       0.010342       0.000735       0.000073 
