# read an event with 354 particles
#--------------------------------------------------------------------------
#                         FastJet release 3.2.0
#                 M. Cacciari, G.P. Salam and G. Soyez                  
#     A software package for jet finding and analysis at colliders      
#                           http://fastjet.fr                           
#	                                                                      
# Please cite EPJC72(2012)1896 [arXiv:1111.6097] if you use this package
# for scientific work and optionally PLB641(2006)57 [hep-ph/0512210].   
#                                                                       
# FastJet is provided without warranty under the terms of the GNU GPLv2.
# It uses T. Chan's closest pair algorithm, S. Fortune's Voronoi code
# and 3rd party plugin jet algorithms. See COPYING file for details.
#--------------------------------------------------------------------------
-------------------------------------------------------------------------------------
EnergyCorrelator:  ECF(N,beta) with pt_R
-------------------------------------------------------------------------------------
   beta      N=1 (GeV)    N=2 (GeV^2)    N=3 (GeV^3)    N=4 (GeV^4)     N=5 (GeV^5)
  1.000         983.64       10006.49        9934.06        2670.10          271.98 
  2.000         983.64        1272.64         260.18          14.88            0.22 
-------------------------------------------------------------------------------------

-------------------------------------------------------------------------------------
EnergyCorrelatorRatio:  r_N^(beta) = ECF(N+1,beta)/ECF(N,beta) with pt_R
-------------------------------------------------------------------------------------
   beta      N=0 (GeV)      N=1 (GeV)      N=2 (GeV)      N=3 (GeV)       N=4 (GeV) 
  1.000       983.6369        10.1730         0.9928         0.2688          0.1019 
-------------------------------------------------------------------------------------

-------------------------------------------------------------------------------------
EnergyCorrelatorDoubleRatio:  C_N^(beta) = r_N^(beta)/r_{N-1}^(beta) with pt_R
-------------------------------------------------------------------------------------
   beta            N=1            N=2            N=3            N=4 
  1.000       0.010342       0.097588       0.270742       0.378972 
-------------------------------------------------------------------------------------

-------------------------------------------------------------------------------------
EnergyCorrelatorC1:  C_1^(beta) = ECF(2,beta)/ECF(1,beta)^2 with pt_R
-------------------------------------------------------------------------------------
   beta         C1 obs 
  1.000       0.010342 
-------------------------------------------------------------------------------------

-------------------------------------------------------------------------------------
EnergyCorrelatorC2:  C_2^(beta) = ECF(3,beta)*ECF(1,beta)/ECF(2,beta)^2 with pt_R
-------------------------------------------------------------------------------------
   beta         C2 obs 
  1.000       0.097588 
-------------------------------------------------------------------------------------

-------------------------------------------------------------------------------------
EnergyCorrelatorD2:  D_2^(beta) = ECF(3,beta)*ECF(1,beta)^3/ECF(2,beta)^3 with pt_R
-------------------------------------------------------------------------------------
   beta         D2 obs 
  1.000       9.435950 
-------------------------------------------------------------------------------------

-------------------------------------------------------------------------------------
EnergyCorrelatorGeneralizedD2:  D_2^(alpha, beta) = ECFN(3,alpha)/ECFN(2,beta)^(3*alpha/beta) with pt_R
-------------------------------------------------------------------------------------
   beta        alpha = 1.000
  2.000               0.2188 
-------------------------------------------------------------------------------------

-------------------------------------------------------------------------------------
EnergyCorrelatorNormalized:  ECFN(N, beta, angles = N Choose 2) with pt_R
-------------------------------------------------------------------------------------
   beta     N=1                N=2                N=3                N=4
  1.000    1.00    0.0103421839633    0.0000104381229    0.0000000028523 
-------------------------------------------------------------------------------------

  2.000    1.00    0.0013153375288    0.0000002733772    0.0000000000159 
-------------------------------------------------------------------------------------

-------------------------------------------------------------------------------------
EnergyCorrelatorNormalized:  ECFN(N, beta=1, angles) with pt_R
-------------------------------------------------------------------------------------
 angles     N=1                N=2                N=3                N=4
      1    1.00    0.0103421839633    0.0007353401741    0.0000733472485 
      2                               0.0000460938663    0.0000010703582 
      3                               0.0000104381229    0.0000000552244 
      4                                                  0.0000000114198 
      5                                                  0.0000000044781 
      6                                                  0.0000000028523 
-------------------------------------------------------------------------------------

-------------------------------------------------------------------------------------
EnergyCorrelatorNseries:  N_i(beta) = ECFN(i+1, beta, 2)/ECFN(i, beta, 1)^2 with pt_R
-------------------------------------------------------------------------------------
   beta            N=1            N=2            N=3 
  1.000       0.001315       0.430942       1.979487 
-------------------------------------------------------------------------------------

  2.000       0.000220       0.365859       6.700247 
-------------------------------------------------------------------------------------

-------------------------------------------------------------------------------------
EnergyCorrelatorN2:  N2(beta) = ECFN(3, beta, 2)/ECFN(2, beta, 1)^2 with pt_R
-------------------------------------------------------------------------------------
   beta         N2 obs 
  1.000       0.430942 
  2.000       0.365859 
-------------------------------------------------------------------------------------

-------------------------------------------------------------------------------------
EnergyCorrelatorN3:  N3(beta) = ECFN(4, beta, 2)/ECFN(3, beta, 1)^2 with pt_R
-------------------------------------------------------------------------------------
   beta         N3 obs 
  1.000       1.979487 
-------------------------------------------------------------------------------------

-------------------------------------------------------------------------------------
EnergyCorrelatorMseries:  M_i(beta) = ECFN(i+1, beta, 1)/ECFN(i, beta, 1) with pt_R
-------------------------------------------------------------------------------------
   beta            N=1            N=2            N=3 
  1.000       0.010342       0.071101       0.099746 
  2.000       0.001315       0.010448       0.036511 
-------------------------------------------------------------------------------------

-------------------------------------------------------------------------------------
EnergyCorrelatorM2:  M2(beta) = ECFN(3, beta, 1)/ECFN(3, beta, 1) with pt_R
-------------------------------------------------------------------------------------
   beta         M2 obs 
  1.000       0.071101 
  2.000       0.010448 
-------------------------------------------------------------------------------------

-------------------------------------------------------------------------------------
EnergyCorrelatorUseries:  U_i(beta) = ECFN(i+1, beta, 1) with pt_R
-------------------------------------------------------------------------------------
   beta            N=1            N=2            N=3 
  1.000       0.010342       0.000735       0.000073 
